MemTotal:         439592 kB
MemFree:          113992 kB
MemAvailable:     302256 kB
Buffers:           25460 kB
Cached:           200844 kB
SwapCached:          120 kB
Active:           146016 kB
Inactive:         138736 kB
Active(anon):        848 kB
Inactive(anon):    58344 kB
Active(file):     145168 kB
Inactive(file):    80392 kB
Unevictable:          16 kB
Mlocked:              16 kB
SwapTotal:        102396 kB
SwapFree:         101884 kB
Zswap:                 0 kB
Zswapped:              0 kB
Dirty:              1152 kB
Writeback:             0 kB
AnonPages:         58360 kB
Mapped:           145724 kB
Shmem:               772 kB
KReclaimable:      15520 kB
Slab:              26728 kB
SReclaimable:      15520 kB
SUnreclaim:        11208 kB
KernelStack:        1216 kB
PageTables:         1812 kB
SecPageTables:         0 kB
NFS_Unstable:          0 kB
Bounce:                0 kB
WritebackTmp:          0 kB
CommitLimit:      322192 kB
Committed_AS:     526508 kB
VmallocTotal:     573440 kB
VmallocUsed:        7108 kB
VmallocChunk:          0 kB
Percpu:               64 kB
CmaTotal:         262144 kB
CmaFree:           85216 kB
